should render ingress correctly when enabled without TLS:
  1: |
    nginx.ingress.kubernetes.io/proxy-body-size: 100m
    nginx.ingress.kubernetes.io/proxy-connect-timeout: "60"
    nginx.ingress.kubernetes.io/proxy-read-timeout: "60"
    nginx.ingress.kubernetes.io/proxy-send-timeout: "60"
    nginx.ingress.kubernetes.io/rewrite-target: /$1
    nginx.ingress.kubernetes.io/use-regex: "true"
