should render additional ingress templates:
  1: |
    apiVersion: networking.k8s.io/v1
    kind: Ingress
    metadata:
      annotations:
        another: "yes"
        testProperty: "true"
      labels:
        app.kubernetes.io/instance: RELEASE-NAME
        app.kubernetes.io/managed-by: Helm
        app.kubernetes.io/name: hdx-oss-v2
        app.kubernetes.io/version: 1.0.0
        helm.sh/chart: hdx-oss-v2-0.5.2
      name: RELEASE-NAME-hdx-oss-v2-otel-collector
    spec:
      ingressClassName: nginx
      rules:
        - host: collector.example.com
          http:
            paths:
              - backend:
                  service:
                    name: RELEASE-NAME-hdx-oss-v2
                    port:
                      number: 4318
                path: /
                pathType: Prefix
should render additional ingress templates with TLS enabled:
  1: |
    apiVersion: networking.k8s.io/v1
    kind: Ingress
    metadata:
      annotations:
        another: "yes"
        testProperty: "true"
      labels:
        app.kubernetes.io/instance: RELEASE-NAME
        app.kubernetes.io/managed-by: Helm
        app.kubernetes.io/name: hdx-oss-v2
        app.kubernetes.io/version: 1.0.0
        helm.sh/chart: hdx-oss-v2-0.5.2
      name: RELEASE-NAME-hdx-oss-v2-otel-collector
    spec:
      ingressClassName: nginx
      rules:
        - host: collector.example.com
          http:
            paths:
              - backend:
                  service:
                    name: RELEASE-NAME-hdx-oss-v2
                    port:
                      number: 4318
                path: /
                pathType: Prefix
      tls:
        - hosts:
            - collector.example.com
          secretName: otel-collector-tls
